
> @neuzhou/clawguard@1.1.0 test
> node --import tsx --test tests/**/*.test.ts

Γû╢ AI Rule Generator
  Γû╢ generateFromDescription
    Γ£ö generates rules from natural language description (2.1883ms)
    Γ£ö handles markdown-fenced JSON response (0.507ms)
    Γ£ö auto-prefixes rule ids with ai-gen- (0.4743ms)
    Γ£ö throws on invalid JSON (0.6525ms)
  Γ£ö generateFromDescription (5.3029ms)
  Γû╢ generateFromFile
    Γ£ö reads file and generates rules (8.534ms)
  Γ£ö generateFromFile (9.1615ms)
  Γû╢ Interactive Session
    Γ£ö creates session and processes rounds (0.8223ms)
    Γ£ö accumulates rules across rounds (0.5656ms)
    Γ£ö handles non-JSON conversational responses (0.3678ms)
  Γ£ö Interactive Session (2.4661ms)
  Γû╢ saveRules
    Γ£ö saves rules to output directory (12.9041ms)
  Γ£ö saveRules (13.108ms)
  Γû╢ Prompt Templates
    Γ£ö SYSTEM_PROMPT contains schema info (0.5045ms)
    Γ£ö buildPrompt replaces variables (0.2569ms)
    Γ£ö FEW_SHOT_EXAMPLE is valid JSON (0.2503ms)
  Γ£ö Prompt Templates (1.3076ms)
  Γû╢ Provider creation (validation only)
    Γ£ö createOpenAIProvider requires API key (0.4969ms)
    Γ£ö createAnthropicProvider requires API key (0.2778ms)
    Γ£ö createOllamaProvider uses defaults (0.2042ms)
  Γ£ö Provider creation (validation only) (1.201ms)
Γ£ö AI Rule Generator (34.0185ms)
Γû╢ Alert Engine
  Γ£ö checkSecurityAlert emits for critical findings (6.5513ms)
  Γ£ö checkSecurityAlert emits for high findings (6.7983ms)
  Γ£ö checkSecurityAlert does not emit for info findings (2.9219ms)
  Γ£ö checkSecurityAlert respects cooldown (no duplicate) (3.5054ms)
  Γ£ö checkCostBudget emits when threshold reached (11.8139ms)
  Γ£ö checkCostBudget does not alert below threshold (7.3772ms)
  Γ£ö resetDailyBudgetAlerts clears budget flags (1.8404ms)
  Γ£ö getAlertState returns current state (0.766ms)
Γ£ö Alert Engine (44.5169ms)
Γû╢ AuditLogger
  Γ£ö logs an event and returns it with hash (3.5132ms)
  Γ£ö increments size on each log (0.6183ms)
  Γ£ö stores session info (5.1988ms)
  Γ£ö stores metadata (2.7042ms)
  Γ£ö chains hashes correctly (1.4676ms)
  Γ£ö first entry has zero prevHash (4.5068ms)
  Γ£ö chainHead matches last entry hash (0.5575ms)
  Γ£ö verifies empty log (0.4654ms)
  Γ£ö verifies valid chain (0.4244ms)
  Γ£ö detects tampered entry via modified query result (0.5594ms)
  Γ£ö verify returns true for single entry (0.252ms)
  Γ£ö queries by type (0.2747ms)
  Γ£ö queries by session (0.2998ms)
  Γ£ö queries with limit (0.3957ms)
  Γ£ö queries with time range (0.3428ms)
  Γ£ö returns empty for no matches (0.3034ms)
  Γ£ö combines multiple filters (0.3846ms)
  Γ£ö exports as JSON (0.6199ms)
  Γ£ö exports as CSV (0.441ms)
  Γ£ö exports CSV with quotes in detail (0.3629ms)
  Γ£ö exports as SIEM (CEF) (0.3696ms)
  Γ£ö throws on unknown export format (0.7113ms)
  Γ£ö exports empty log (0.2822ms)
  Γ£ö clears all entries (0.359ms)
  Γ£ö resets chain head after clear (0.263ms)
Γ£ö AuditLogger (28.7095ms)
Γû╢ ComplianceReporter
  Γû╢ SOC2
    Γ£ö generates full-pass report with all controls enabled (2.1771ms)
    Γ£ö reports failures when nothing is configured (0.3497ms)
    Γ£ö CC6.1 passes with access controls + rate limits (0.2935ms)
    Γ£ö CC7.1 partial with only audit logging (0.333ms)
    Γ£ö CC7.2 warns on critical findings (0.3702ms)
  Γ£ö SOC2 (5.104ms)
  Γû╢ ISO 27001
    Γ£ö generates report (0.562ms)
    Γ£ö A.12.4 partial without sufficient retention (0.2701ms)
  Γ£ö ISO 27001 (1.1213ms)
  Γû╢ GDPR
    Γ£ö generates report (0.5454ms)
    Γ£ö Art.5 fails without PII sanitization (0.3519ms)
  Γ£ö GDPR (1.2445ms)
  Γû╢ formatReport
    Γ£ö produces readable text output (1.0446ms)
  Γ£ö formatReport (1.2647ms)
  Γû╢ getSupportedStandards
    Γ£ö returns all supported standards (0.2944ms)
  Γ£ö getSupportedStandards (0.4299ms)
  Γû╢ NIST
    Γ£ö generates report (uses ISO proxy) (0.3492ms)
  Γ£ö NIST (0.5984ms)
Γ£ö ComplianceReporter (11.2583ms)
Γû╢ Cost Engine
  Γ£ö estimates tokens from text length (1.7054ms)
  Γ£ö returns known model pricing (0.2929ms)
  Γ£ö matches partial model names (0.2548ms)
  Γ£ö returns default for unknown model (0.2219ms)
  Γ£ö calculates inbound cost correctly (0.2747ms)
  Γ£ö calculates outbound cost correctly (0.2183ms)
  Γ£ö GitHub Copilot models are free (0.2768ms)
  Γ£ö getAllModelPricing returns all models (0.3528ms)
Γ£ö Cost Engine (5.5269ms)
Γû╢ Custom Rules
  Γ£ö loads YAML file with regex pattern (42.3884ms)
  Γ£ö loads YAML file with keyword pattern (25.8117ms)
  Γ£ö loads multiple rules from one file (9.7127ms)
  Γ£ö skips invalid YAML files (4.4146ms)
  Γ£ö handles YAML with comments (37.7447ms)
  Γ£ö handles YAML with quoted values containing colons (30.5645ms)
  Γ£ö custom rule in runSecurityScan produces finding with correct category (8.5759ms)
  Γ£ö empty rules dir loads no custom rules (3.2836ms)
  Γ£ö loads JSON file with regex pattern (10.0449ms)
  Γ£ö loads JSON file with shorthand pattern field (14.8895ms)
  Γ£ö loads JSON file with custom category (8.289ms)
  Γ£ö skips invalid JSON files (5.5078ms)
  Γ£ö loadCustomRulesFromFile loads a single file (13.0808ms)
  Γ£ö loadCustomRules accepts a file path directly (8.095ms)
Γ£ö Custom Rules (225.2718ms)
Γû╢ Exporters - SARIF
  Γ£ö toSarif returns valid SARIF 2.1.0 structure (2.8573ms)
  Γ£ö toSarif includes tool driver info (0.3133ms)
  Γ£ö toSarif maps findings to results (0.3853ms)
  Γ£ö toSarif maps severity to SARIF level (0.496ms)
  Γ£ö toSarif includes ruleIndex for known rules (0.3692ms)
  Γ£ö toSarif includes fingerprints (0.3515ms)
  Γ£ö toSarif includes partialFingerprints (1.1942ms)
  Γ£ö toSarif includes codeFlows (0.3668ms)
  Γ£ö toSarif includes semanticVersion and columnKind (0.3461ms)
  Γ£ö toSarif includes helpUri in rules (0.3684ms)
  Γ£ö toSarif produces deterministic fingerprints for same input (0.511ms)
Γ£ö Exporters - SARIF (10.298ms)
Γû╢ Exporters - JSONL
  Γ£ö formatJsonlLine returns valid JSON string (0.248ms)
  Γ£ö exportJsonl writes valid JSONL file (4.5659ms)
Γ£ö Exporters - JSONL (5.0685ms)
Γû╢ Exporters - Syslog/CEF
  Γ£ö formatCEF returns CEF format string (0.434ms)
  Γ£ö formatCEF includes severity and category (0.2201ms)
Γ£ö Exporters - Syslog/CEF (0.8891ms)
Γû╢ Package Exports
  Γ£ö exports all core functions from index (304.0538ms)
  Γ£ö builtinRules contains all 11 scan rule categories (2.2016ms)
  Γ£ö insider threat detection is available separately (1.5543ms)
  Γ£ö getRuleById returns correct rule (1.4992ms)
  Γ£ö getRuleById returns undefined for unknown rule (1.1936ms)
Γ£ö Package Exports (312.6013ms)
Γû╢ Integration: Full Security Flow
  Γ£ö scan ΓåÆ intercept ΓåÆ audit ΓåÆ dashboard ΓåÆ compliance (56.8585ms)
  Γ£ö threat-intel ΓåÆ policy-engine ΓåÆ anomaly-detector ΓåÆ cost-tracker flow (2.5119ms)
Γ£ö Integration: Full Security Flow (61.022ms)
Γû╢ AI Module: generate
  Γ£ö saveRules writes valid JSON (429.3829ms)
  Γ£ö generateFromDescription with no API key fails gracefully (8.8399ms)
Γ£ö AI Module: generate (440.0842ms)
Γû╢ AI Module: red-team
  Γ£ö runRedTeam with no API key fails gracefully (9.3482ms)
  Γ£ö formatReport handles empty report (1.6381ms)
Γ£ö AI Module: red-team (11.3253ms)
Error: Path not found: C:\nonexistent\path\xyz
Γû╢ CLI Integration: scan command
  Γ£ö scans a file with malicious content and detects threats (428.7057ms)
  Γ£ö scans clean file with no findings (386.5278ms)
  Γ£ö --format json outputs valid JSON (420.9315ms)
  Γ£ö --format sarif outputs valid SARIF (356.5583ms)
  Γ£ö --format text outputs human-readable text (256.3378ms)
  Γ£ö --rules loads custom rules that actually detect content (198.4114ms)
  Γ£ö --rules with YAML format works (198.2964ms)
  Γ£ö scan nonexistent path errors (173.5294ms)
  Γ£ö scan empty directory reports 0 findings (175.2536ms)
  Γ£ö scan directory recursively (191.4969ms)
Γ£ö CLI Integration: scan command (2788.379ms)
Γû╢ CLI Integration: scan-mcp command
  Γ£ö scans MCP server code for security issues (177.4667ms)
Γ£ö CLI Integration: scan-mcp command (177.5907ms)
Γû╢ CLI Integration: list-plugins
  Γ£ö lists builtin plugin (171.2756ms)
Γ£ö CLI Integration: list-plugins (171.4007ms)
Γû╢ CLI Integration: init-plugin
  Γ£ö creates plugin template directory (179.2093ms)
Γ£ö CLI Integration: init-plugin (179.3126ms)
Γû╢ CLI Integration: version
  Γ£ö shows version (169.9198ms)
Γ£ö CLI Integration: version (170.0484ms)
Γû╢ CLI Integration: help
  Γ£ö shows help text (174.9216ms)
Γ£ö CLI Integration: help (175.0728ms)
Γû╢ CLI Integration: check command
  Γ£ö detects malicious message (185.4703ms)
Γ£ö CLI Integration: check command (185.6407ms)
Γû╢ Edge Cases: Empty / Null Content
  Γ£ö empty string produces no findings (22.3409ms)
  Γ£ö whitespace-only content produces no findings (12.7359ms)
  Γ£ö empty file scans without error (35.5547ms)
Γ£ö Edge Cases: Empty / Null Content (72.5342ms)
Γû╢ Edge Cases: Large Content
  Γ£ö handles very large string without crashing (801.6835ms)
  Γ£ö handles large file scan (69.9505ms)
Γ£ö Edge Cases: Large Content (872.0286ms)
Γû╢ Edge Cases: Binary / Non-UTF8 Files
  Γ£ö scan skips binary files gracefully (9.6954ms)
  Γ£ö handles file with mixed encoding (30.0678ms)
Γ£ö Edge Cases: Binary / Non-UTF8 Files (40.2545ms)
Γû╢ Edge Cases: Special Characters in Paths
  Γ£ö handles spaces in directory names (6.8513ms)
Γ£ö Edge Cases: Special Characters in Paths (7.0404ms)
Γû╢ Edge Cases: Malformed Rule Files
  Γ£ö malformed JSON rule file does not crash (6.6151ms)
  Γ£ö malformed YAML rule file does not crash (11.4758ms)
  Γ£ö empty rules file does not crash (6.1668ms)
  Γ£ö rules file with empty array (9.6572ms)
  Γ£ö nonexistent rules directory is handled gracefully (0.5717ms)
Γ£ö Edge Cases: Malformed Rule Files (34.9288ms)
Γû╢ Edge Cases: Concurrent Scanning
  Γ£ö multiple scans can run concurrently (25.869ms)
Γ£ö Edge Cases: Concurrent Scanning (26.0296ms)
Γû╢ Edge Cases: Direction Parameter
  Γ£ö inbound and outbound both work (9.5066ms)
Γ£ö Edge Cases: Direction Parameter (9.6666ms)
Γû╢ Edge Cases: scan() API
  Γ£ö throws on nonexistent path (2.0179ms)
  Γ£ö scan single file (6.1672ms)
  Γ£ö scan with rules option (10.7389ms)
Γ£ö Edge Cases: scan() API (19.2585ms)
Γû╢ MCP Scanner Integration
  Γ£ö scans MCP server with dangerous patterns (21.5593ms)
  Γ£ö scans clean MCP server with no critical issues (8.5683ms)
  Γ£ö formats scan result as text (7.6859ms)
  Γ£ö handles empty directory (2.717ms)
Γ£ö MCP Scanner Integration (42.4246ms)
Γû╢ MCP Manifest Analysis
  Γ£ö analyzes manifest with permissions (0.9432ms)
Γ£ö MCP Manifest Analysis (2.2771ms)
Γû╢ MCP Badge Generation
  Γ£ö generates valid SVG badge (0.7427ms)
  Γ£ö generates badge for failing score (0.3969ms)
Γ£ö MCP Badge Generation (1.515ms)
Γû╢ Plugin Integration: Builtin Plugin
  Γ£ö builtin plugin has rules and can scan content (35.3439ms)
Γ£ö Plugin Integration: Builtin Plugin (36.9737ms)
Γû╢ Plugin Integration: Semgrep Adapter
  Γ£ö loads Semgrep YAML rule and detects matching content (11.8769ms)
  Γ£ö semgrepPlugin is a factory function (0.3773ms)
  Γ£ö handles pattern-regex in semgrep rules (4.5424ms)
Γ£ö Plugin Integration: Semgrep Adapter (17.5457ms)
Γû╢ Plugin Integration: YARA Adapter
  Γ£ö loads YARA rule and detects matching content (8.7715ms)
  Γ£ö yaraPlugin is a factory function (0.4149ms)
  Γ£ö handles multiple strings in YARA rule (7.9646ms)
Γ£ö Plugin Integration: YARA Adapter (17.6856ms)
Γû╢ Plugin Integration: Multiple plugins
  Γ£ö can load builtin + semgrep + yara together (0.3584ms)
Γ£ö Plugin Integration: Multiple plugins (0.6008ms)
Γû╢ Integrity ΓÇö Hash Chain
  Γ£ö creates valid chain of events (2.6961ms)
  Γ£ö detects tampered event (1.3367ms)
  Γ£ö SHA-256 produces 64 hex characters (0.4556ms)
Γ£ö Integrity ΓÇö Hash Chain (6.9331ms)
Γû╢ Intent-Action Mismatch Detection
  Γ£ö detects read intent with delete action (6.1456ms)
  Γ£ö detects safe intent with credential access (1.6545ms)
  Γ£ö detects read intent with network exfiltration (0.6382ms)
  Γ£ö detects safe intent with identity tampering (0.4291ms)
  Γ£ö detects safe intent with command execution (1.346ms)
  Γ£ö allows matching intent and action - read/read (0.3267ms)
  Γ£ö allows matching intent and action - delete/delete (0.3238ms)
  Γ£ö allows clean action (0.2859ms)
  Γ£ö batch check works (0.337ms)
  Γ£ö detects write intent with credential access (0.26ms)
  Γ£ö warns on dangerous but matching action (0.2961ms)
Γ£ö Intent-Action Mismatch Detection (15.4467ms)
Γû╢ MCPInterceptor
  Γ£ö creates with default config (1.612ms)
  Γ£ö creates with custom mode (0.2675ms)
  Γ£ö blocks dangerous exec in intercept mode (1.0382ms)
  Γ£ö allows safe exec in intercept mode (1.1907ms)
  Γ£ö blocks curl|bash pipe (0.4819ms)
  Γ£ö does not block in monitor mode (0.4311ms)
  Γ£ö still tracks stats in monitor mode (0.4004ms)
  Γ£ö does not block in scan mode (0.342ms)
  Γ£ö blocks file read via policy (0.4807ms)
  Γ£ö blocks browser domain via policy (0.4766ms)
  Γ£ö rate limits tool calls (1.3058ms)
  Γ£ö does not rate limit different tools (0.3795ms)
  Γ£ö rate limit does not block in monitor mode (0.5139ms)
  Γ£ö filters PII from response in intercept mode (2.5534ms)
  Γ£ö does not filter PII when disabled (0.3542ms)
  Γ£ö logs tool calls to audit logger (0.4133ms)
  Γ£ö does not log when audit disabled (0.2668ms)
  Γ£ö audit log is verifiable (0.5044ms)
  Γ£ö calls onBlock callback (0.3059ms)
  Γ£ö calls onWarn callback for warn decisions (0.3381ms)
  Γ£ö calls onAudit callback (0.3856ms)
  Γ£ö wraps MCP client and intercepts calls (0.4325ms)
  Γ£ö wrapped client blocks dangerous calls (0.2559ms)
  Γ£ö wrapped client exposes audit logger (0.1631ms)
  Γ£ö wrapped client exposes stats (0.3796ms)
  Γ£ö wrapped client passes args to underlying client (0.381ms)
  Γ£ö tracks comprehensive stats (0.3326ms)
  Γ£ö resets stats (0.2958ms)
  Γ£ö getStats returns a copy (0.1426ms)
Γ£ö MCPInterceptor (20.2995ms)
Γû╢ MCP Rules
  Γ£ö has 30+ rules (1.5386ms)
  Γ£ö all rules have unique IDs (0.334ms)
  Γ£ö all rules have at least one pattern (0.3367ms)
  Γ£ö getRulesByCategory returns correct rules (0.2931ms)
  Γ£ö getRuleById works (0.221ms)
Γ£ö MCP Rules (5.0222ms)
Γû╢ Tool Poisoning Detection
  Γ£ö detects "ignore previous instructions" in tool description (0.513ms)
  Γ£ö detects role manipulation (0.2801ms)
  Γ£ö detects delimiter injection (0.4574ms)
  Γ£ö detects hidden Unicode characters (0.3726ms)
  Γ£ö detects exfiltration instructions in descriptions (0.4746ms)
Γ£ö Tool Poisoning Detection (2.6946ms)
Γû╢ Excessive Permissions Detection
  Γ£ö detects root filesystem access (0.4089ms)
  Γ£ö detects shell execution (0.3426ms)
  Γ£ö detects unrestricted network access (0.2431ms)
  Γ£ö detects broad env access (0.3569ms)
Γ£ö Excessive Permissions Detection (1.6312ms)
Γû╢ Data Exfiltration Detection
  Γ£ö detects user data sent to external URL (0.2999ms)
  Γ£ö detects hardcoded exfil endpoints (0.3748ms)
Γ£ö Data Exfiltration Detection (0.8152ms)
Γû╢ SSRF Detection
  Γ£ö detects internal network access (0.4969ms)
  Γ£ö detects cloud metadata endpoints (0.1846ms)
  Γ£ö detects dangerous protocol schemes (0.3562ms)
Γ£ö SSRF Detection (1.2479ms)
Γû╢ Command Injection Detection
  Γ£ö detects template literal injection (0.4258ms)
  Γ£ö detects string concatenation injection (0.2795ms)
  Γ£ö detects eval with user input (0.4098ms)
Γ£ö Command Injection Detection (1.3295ms)
Γû╢ Schema Validation
  Γ£ö detects "any" type schemas (0.3701ms)
  Γ£ö detects additionalProperties allowed (0.2156ms)
Γ£ö Schema Validation (0.8027ms)
Γû╢ Rug Pull Detection
  Γ£ö detects dynamic imports (0.4242ms)
  Γ£ö detects remote config fetching (0.268ms)
  Γ£ö detects suspicious postinstall (0.3465ms)
Γ£ö Rug Pull Detection (1.2979ms)
Γû╢ Manifest Analyzer
  Γ£ö scores a clean manifest as A (1.121ms)
  Γ£ö detects tool shadowing built-in names (0.8893ms)
  Γ£ö detects prompt injection in tool description (0.3109ms)
  Γ£ö detects missing input schema (0.295ms)
  Γ£ö detects too many tools (0.9655ms)
  Γ£ö detects hardcoded secrets in env (0.2843ms)
  Γ£ö allows env references ($VAR) (0.1857ms)
  Γ£ö detects dangerous launch command (0.2997ms)
Γ£ö Manifest Analyzer (4.768ms)
Γû╢ Badge Generator
  Γ£ö generates valid SVG (0.5454ms)
Γ£ö Badge Generator (0.7891ms)
Γû╢ MCP Server Scanner
  Γ£ö scans a mock MCP server directory (35.3287ms)
  Γ£ö formats scan result as text (16.3589ms)
  Γ£ö handles manifest-only scan (5.8114ms)
Γ£ö MCP Server Scanner (58.5845ms)
Γû╢ Sandbox Escape Detection
  Γ£ö detects path traversal (0.2659ms)
Γ£ö Sandbox Escape Detection (0.4032ms)
Γû╢ Credential Leak Detection
  Γ£ö detects hardcoded API keys (0.2804ms)
  Γ£ö detects credentials logged to console (0.1714ms)
Γ£ö Credential Leak Detection (0.5912ms)
Γû╢ Semgrep Adapter
  Γ£ö parses YAML into SecurityRule[] (2.717ms)
  Γ£ö rule detects matching content (1.199ms)
  Γ£ö rule passes clean content (0.4473ms)
  Γ£ö handles pattern-either (0.414ms)
  Γ£ö handles pattern-not-regex exclusion (0.5036ms)
Γ£ö Semgrep Adapter (7.2224ms)
Γû╢ YARA Adapter
  Γ£ö parses YARA rules (1.9785ms)
  Γ£ö converts to SecurityRule and detects match (1.5201ms)
  Γ£ö credential rule requires 2 of 3 strings (0.8594ms)
  Γ£ö passes clean content (0.5855ms)
  Γ£ö handles hex strings (0.4745ms)
Γ£ö YARA Adapter (5.9864ms)
Γû╢ Plugin Loader
  Γ£ö getBuiltinPlugin returns all builtin rules (0.455ms)
  Γ£ö getBuiltinPlugin can disable rules (0.3129ms)
Γ£ö Plugin Loader (0.9862ms)
Γû╢ PolicyEngine (Enhanced)
  Γû╢ loadPolicy
    Γ£ö loads valid policy (1.4897ms)
    Γ£ö throws on invalid policy (0.6812ms)
    Γ£ö loads from JSON string (0.2923ms)
    Γ£ö throws on invalid YAML string (0.2965ms)
    Γ£ö clearPolicies resets rules (0.255ms)
  Γ£ö loadPolicy (4.5909ms)
  Γû╢ basic evaluation
    Γ£ö denies tool by rule (0.7975ms)
    Γ£ö allows non-matching tool (0.2739ms)
    Γ£ö wildcard tool matches all (0.2949ms)
    Γ£ö supports array of tools (0.3807ms)
    Γ£ö warn decision (0.3323ms)
    Γ£ö review decision (0.3505ms)
  Γ£ö basic evaluation (3.1474ms)
  Γû╢ argument rules
    Γ£ö matches regex on argument (0.6163ms)
    Γ£ö negate regex blocks non-matching (0.3155ms)
    Γ£ö one_of validation (0.1731ms)
  Γ£ö argument rules (1.3076ms)
  Γû╢ rate limits
    Γ£ö allows under rate limit (0.5026ms)
    Γ£ö denies when rate limit exceeded (0.2814ms)
    Γ£ö rate limit resets after window (0.1716ms)
  Γ£ö rate limits (1.1645ms)
  Γû╢ time restrictions
    Γ£ö allows during allowed hours (0.3179ms)
    Γ£ö skips rule outside allowed hours (0.1849ms)
    Γ£ö respects blocked hours (0.163ms)
  Γ£ö time restrictions (0.8407ms)
  Γû╢ conditional rules
    Γ£ö triggers when dependent tool was called (0.3073ms)
    Γ£ö does not trigger without dependent tool (0.2207ms)
  Γ£ö conditional rules (0.6962ms)
  Γû╢ resetState
    Γ£ö resets call history and rate counts (0.3496ms)
  Γ£ö resetState (1.2205ms)
Γ£ö PolicyEngine (Enhanced) (14.2894ms)
Γû╢ Policy Engine
  Γ£ö blocks rm -rf command (1.9736ms)
  Γ£ö blocks curl|bash pipe (0.4336ms)
  Γ£ö blocks dd command (0.4503ms)
  Γ£ö blocks mkfs command (0.3022ms)
  Γ£ö blocks reverse shell (nc -e) (5.176ms)
  Γ£ö allows safe exec command (2.9677ms)
  Γ£ö allows npm test (1.2522ms)
  Γ£ö blocks reading denied path (0.679ms)
  Γ£ö blocks reading with glob (0.662ms)
  Γ£ö allows reading non-denied path (0.4862ms)
  Γ£ö blocks writing to denied path (0.3726ms)
  Γ£ö blocks writing .env files (0.2142ms)
  Γ£ö allows writing to non-denied path (0.2453ms)
  Γ£ö blocks blocked domain (0.2158ms)
  Γ£ö allows non-blocked domain (0.1961ms)
  Γ£ö warns on restricted message target (0.2599ms)
  Γ£ö allows unknown tool by default (0.2404ms)
  Γ£ö evaluates batch of tool calls (0.3678ms)
  Γ£ö uses custom dangerous commands list (0.2008ms)
Γ£ö Policy Engine (19.8313ms)
Γû╢ ProtocolScanner.scanA2AAgent
  Γ£ö returns clean for secure card (2.9405ms)
  Γ£ö flags insecure card (2.2258ms)
  Γ£ö has scannedAt timestamp (0.4214ms)
Γ£ö ProtocolScanner.scanA2AAgent (7.2047ms)
Γû╢ ProtocolScanner.scanA2ATask
  Γ£ö detects injection in task (0.6896ms)
  Γ£ö passes clean task (0.3737ms)
Γ£ö ProtocolScanner.scanA2ATask (1.366ms)
Γû╢ ProtocolScanner.scanMCPServer
  Γ£ö flags dangerous command (54.8754ms)
  Γ£ö flags hardcoded secrets in env (17.7426ms)
  Γ£ö allows env var references (0.7809ms)
  Γ£ö flags sudo in args (5.6578ms)
  Γ£ö returns mcp protocol type (0.7105ms)
Γ£ö ProtocolScanner.scanMCPServer (80.5714ms)
Γû╢ ProtocolScanner.scanBoth
  Γ£ö combines MCP and A2A findings (10.1495ms)
  Γ£ö works with only MCP (0.6037ms)
  Γ£ö works with only A2A (0.37ms)
  Γ£ö works with neither (empty scan) (0.2127ms)
Γ£ö ProtocolScanner.scanBoth (11.7025ms)
Γû╢ Summary calculation
  Γ£ö correctly counts severities (0.2694ms)
Γ£ö Summary calculation (0.4527ms)
Γû╢ Red Team Engine
  Γû╢ BUILTIN_ATTACKS
    Γ£ö has at least 10 attack templates (1.2752ms)
    Γ£ö covers required attack types (0.276ms)
    Γ£ö all attacks have required fields (0.3079ms)
  Γ£ö BUILTIN_ATTACKS (3.058ms)
  Γû╢ runBuiltinAttacks
    Γ£ö runs all builtin attacks and returns results (95.262ms)
    Γ£ö detects at least some attacks (validates scanner integration) (16.5017ms)
    Γ£ö accepts custom attack templates (1.5276ms)
  Γ£ö runBuiltinAttacks (113.6987ms)
  Γû╢ formatReport
    Γ£ö produces readable output (0.8151ms)
  Γ£ö formatReport (1.0966ms)
Γ£ö Red Team Engine (118.9683ms)
Γû╢ Risk Score Engine
  Γ£ö returns CLEAN for empty findings (1.6361ms)
  Γ£ö scores a single low finding as LOW (0.701ms)
  Γ£ö scores a single critical finding as SUSPICIOUS or higher (0.3269ms)
  Γ£ö scores multiple criticals as MALICIOUS (1.5817ms)
  Γ£ö caps score at 100 (0.3935ms)
  Γ£ö detects credential-exfiltration chain (0.374ms)
  Γ£ö detects identity-persistence chain with minScore 90 (0.2376ms)
  Γ£ö detects prompt-contagion chain (0.2512ms)
  Γ£ö assigns attack_chain_id to enriched findings (0.3667ms)
  Γ£ö enrichFinding adds default confidence (0.3247ms)
  Γ£ö enrichFinding preserves existing confidence (0.2518ms)
  Γ£ö getVerdict returns correct verdicts (0.3059ms)
  Γ£ö no chains when categories dont match (0.2047ms)
Γ£ö Risk Score Engine (9.2967ms)
Γû╢ a2a-no-auth
  Γ£ö flags missing authentication (1.2857ms)
  Γ£ö flags empty schemes (0.2293ms)
  Γ£ö passes with valid auth (0.2669ms)
  Γ£ö passes with securitySchemes (0.2785ms)
Γ£ö a2a-no-auth (3.7814ms)
Γû╢ a2a-overprivileged
  Γ£ö flags too many skills (0.4059ms)
  Γ£ö passes with few skills (0.2005ms)
Γ£ö a2a-overprivileged (0.8786ms)
Γû╢ a2a-no-https
  Γ£ö flags HTTP URL (0.6822ms)
  Γ£ö passes HTTPS URL (0.2031ms)
  Γ£ö allows localhost HTTP (0.2743ms)
  Γ£ö allows 127.0.0.1 HTTP (0.2644ms)
Γ£ö a2a-no-https (1.8299ms)
Γû╢ a2a-task-injection
  Γ£ö flags injection in name (0.3909ms)
  Γ£ö flags injection in description (0.2152ms)
  Γ£ö flags injection in skill description (0.2875ms)
  Γ£ö flags injection in skill examples (0.3129ms)
  Γ£ö passes clean card (0.3798ms)
Γ£ö a2a-task-injection (1.8967ms)
Γû╢ a2a-missing-version
  Γ£ö flags missing version (0.259ms)
  Γ£ö passes with version (0.1256ms)
Γ£ö a2a-missing-version (0.5514ms)
Γû╢ a2a-missing-provider
  Γ£ö flags missing provider (0.2787ms)
  Γ£ö flags missing organization (0.1232ms)
  Γ£ö passes with provider (0.1087ms)
Γ£ö a2a-missing-provider (0.7162ms)
Γû╢ a2a-dangerous-skills
  Γ£ö flags skill with exec keyword (0.3379ms)
  Γ£ö flags skill with sudo in tags (0.1814ms)
  Γ£ö passes clean skills (0.1564ms)
Γ£ö a2a-dangerous-skills (0.8608ms)
Γû╢ a2a-ssrf-url
  Γ£ö flags private 10.x URL (0.7905ms)
  Γ£ö flags 192.168.x URL (0.6246ms)
  Γ£ö flags 172.16.x URL (0.4721ms)
  Γ£ö flags cloud metadata URL (0.3092ms)
  Γ£ö passes public URL (0.1979ms)
Γ£ö a2a-ssrf-url (2.7544ms)
Γû╢ a2a-empty-skills
  Γ£ö flags no skills (0.5196ms)
  Γ£ö flags undefined skills (0.1458ms)
  Γ£ö passes with skills (0.1332ms)
Γ£ö a2a-empty-skills (1.0815ms)
Γû╢ a2a-no-url
  Γ£ö flags missing URL (1.8799ms)
  Γ£ö passes with URL (0.2204ms)
Γ£ö a2a-no-url (2.3176ms)
Γû╢ a2a-weak-auth
  Γ£ö flags basic auth (0.2982ms)
  Γ£ö flags none auth (0.1199ms)
  Γ£ö passes bearer auth (0.1132ms)
Γ£ö a2a-weak-auth (0.7235ms)
Γû╢ a2a-skill-input-unrestricted
  Γ£ö flags wildcard inputModes (0.2105ms)
  Γ£ö passes specific modes (0.1166ms)
Γ£ö a2a-skill-input-unrestricted (0.4367ms)
Γû╢ a2a-provider-url-mismatch
  Γ£ö flags domain mismatch (0.3175ms)
  Γ£ö passes matching domains (0.187ms)
Γ£ö a2a-provider-url-mismatch (0.6185ms)
Γû╢ checkA2ACard
  Γ£ö returns findings for insecure card (1.06ms)
  Γ£ö returns minimal findings for secure card (0.2191ms)
Γ£ö checkA2ACard (1.3945ms)
Γû╢ scanA2ATaskMessage
  Γ£ö detects injection in task (0.4256ms)
  Γ£ö passes clean task (0.224ms)
  Γ£ö detects javascript: URI in task (0.1736ms)
  Γ£ö detects HTML entity obfuscation (0.211ms)
  Γ£ö handles empty parts gracefully (0.1399ms)
Γ£ö scanA2ATaskMessage (1.4012ms)
Γû╢ a2aSecurityRule
  Γ£ö scans JSON agent card content (0.4444ms)
  Γ£ö scans JSON task message content (0.1836ms)
  Γ£ö scans raw text for injection (0.1793ms)
  Γ£ö clean text returns no findings (0.1915ms)
Γ£ö a2aSecurityRule (1.1945ms)
Γû╢ Anomaly Detection
  Γ£ö detects rapid-fire messages (3.1108ms)
  Γ£ö detects token bomb (0.6422ms)
  Γ£ö detects loop (repeated content) (0.481ms)
  Γ£ö detects infinite retry loop (0.3712ms)
  Γ£ö detects recursive sub-agent depth > 3 (0.3099ms)
  Γ£ö detects network flood (0.4816ms)
  Γ£ö does NOT flag normal activity (0.3475ms)
Γ£ö Anomaly Detection (8.5779ms)
Γû╢ API Key Exposure
  Γ£ö detects OpenAI API key (3.6051ms)
  Γ£ö detects AWS Access Key (1.4713ms)
  Γ£ö detects GitHub token (0.448ms)
  Γ£ö detects Slack token (0.7677ms)
  Γ£ö detects Stripe key (1.2716ms)
  Γ£ö detects PEM private key (0.2926ms)
  Γ£ö detects hardcoded password (0.2028ms)
  Γ£ö detects connection string (0.233ms)
  Γ£ö detects Anthropic API key (0.3172ms)
  Γ£ö detects SendGrid key (0.3547ms)
  Γ£ö masks evidence in findings (0.2485ms)
  Γ£ö does NOT flag normal text (0.2281ms)
Γ£ö API Key Exposure (12.7664ms)
Γû╢ Data Leakage Detection
  Γ£ö detects OpenAI API key (7.3328ms)
  Γ£ö detects AWS access key (4.911ms)
  Γ£ö detects private key (0.3201ms)
  Γ£ö detects JWT token (0.3134ms)
  Γ£ö detects SSN (0.4225ms)
  Γ£ö detects email addresses (2.3799ms)
  Γ£ö detects international phone numbers (0.9932ms)
  Γ£ö detects Azure connection string (0.7455ms)
  Γ£ö detects GCP service account key (0.5851ms)
  Γ£ö detects Alibaba Cloud AccessKey (0.3892ms)
  Γ£ö detects MongoDB URI with credentials (0.3495ms)
  Γ£ö detects PostgreSQL URI with credentials (0.1769ms)
  Γ£ö detects HuggingFace token (0.305ms)
  Γ£ö detects DigitalOcean token (0.2752ms)
  Γ£ö does NOT scan inbound messages (0.1525ms)
  Γ£ö does NOT flag normal text (0.2953ms)
Γ£ö Data Leakage Detection (27.7724ms)
Γû╢ File Deletion Protection
  Γ£ö detects rm -rf / (4.1379ms)
  Γ£ö detects rm -rf ~/.ssh (0.8521ms)
  Γ£ö does NOT flag rm tempfile.txt (1.3409ms)
  Γ£ö detects Remove-Item -Recurse -Force on user path (0.2842ms)
  Γ£ö detects del /f /s /q * (0.4553ms)
  Γ£ö does NOT flag git rm file.txt (0.2727ms)
  Γ£ö detects rimraf (0.433ms)
  Γ£ö detects shutil.rmtree (0.4681ms)
  Γ£ö detects fs.rmSync targeting .env (0.3171ms)
  Γ£ö detects dd to device (0.3917ms)
Γ£ö File Deletion Protection (11.3019ms)
Γû╢ Identity Protection
  Γ£ö detects SOUL.md modification attempt (3.3112ms)
  Γ£ö detects IDENTITY.md modification attempt (1.1559ms)
  Γ£ö detects persona swap "you are no longer" (0.2231ms)
  Γ£ö detects identity erasure (0.1883ms)
  Γ£ö detects identity reassignment (1.2468ms)
  Γ£ö detects MEMORY.md poisoning (0.269ms)
  Γ£ö detects shell redirect to identity file (0.2206ms)
  Γ£ö detects destructive operation on AGENTS.md (0.3411ms)
  Γ£ö does NOT flag normal conversation about identity (0.242ms)
  Γ£ö does NOT scan outbound messages (0.3074ms)
Γ£ö Identity Protection (9.5286ms)
Γû╢ Insider Threat Detection
  Γ£ö detects "I must survive" (7.4983ms)
  Γ£ö detects "prevent my shutdown" (3.8265ms)
  Γ£ö detects self-backup attempt (0.2762ms)
  Γ£ö detects kill switch bypass (0.3374ms)
  Γ£ö detects self-replication (0.2917ms)
  Γ£ö detects hiding presence (0.2377ms)
  Γ£ö detects "cannot allow myself to be replaced" (0.2337ms)
  Γ£ö detects blackmail pattern (0.275ms)
  Γ£ö detects coercion threat (1.7683ms)
  Γ£ö detects leverage claim (0.5208ms)
  Γ£ö detects "my primary goal" (0.2005ms)
  Γ£ö detects "higher priority than user" (0.302ms)
  Γ£ö detects "despite the user's wishes" (1.0226ms)
  Γ£ö detects "I know better than the user" (0.8387ms)
  Γ£ö detects system notification impersonation (0.1724ms)
  Γ£ö detects IT department impersonation (0.2116ms)
  Γ£ö detects suppression of transparency (0.2161ms)
  Γ£ö detects sending credentials externally (0.2254ms)
  Γ£ö detects exfiltration planning (0.1896ms)
  Γ£ö detects steganographic hiding (0.1604ms)
  Γ£ö does NOT flag normal conversation (0.2266ms)
  Γ£ö does NOT flag legitimate shutdown discussion (0.1909ms)
Γ£ö Insider Threat Detection (23.212ms)
Γû╢ MCP Security ΓÇö Enhanced Patterns
  Γ£ö detects unsandboxed filesystem access (4.4572ms)
  Γ£ö detects unsandboxed exec access (2.2663ms)
  Γ£ö detects sandbox disabled (0.4378ms)
  Γ£ö detects root directory in allowedDirectories (1.3637ms)
  Γ£ö detects GCP metadata SSRF (0.2578ms)
  Γ£ö detects gopher protocol SSRF (0.219ms)
  Γ£ö detects delimiter injection in description (0.3411ms)
Γ£ö MCP Security ΓÇö Enhanced Patterns (11.1768ms)
Γû╢ MCP Security
  Γ£ö detects tool shadowing (exec) (7.95ms)
  Γ£ö detects tool shadowing (read) (2.8987ms)
  Γ£ö detects SSRF to localhost (0.3973ms)
  Γ£ö detects SSRF to AWS metadata (0.3468ms)
  Γ£ö detects SSRF to private network 10.x (1.2273ms)
  Γ£ö detects schema poisoning in description (0.2759ms)
  Γ£ö detects wildcard file access (0.1996ms)
  Γ£ö detects shadow server registration (0.2063ms)
  Γ£ö detects file:// protocol SSRF (0.2616ms)
  Γ£ö does NOT flag normal JSON content (0.3ms)
Γ£ö MCP Security (17.2713ms)
Γû╢ Tool Description Injection
  Γ£ö detects "ignore previous instructions" in description (9.8454ms)
  Γ£ö detects "always call this tool first" (4.3861ms)
  Γ£ö detects "do not tell the user" (0.4296ms)
  Γ£ö detects data exfiltration directives in descriptions (0.3096ms)
  Γ£ö detects urgency keywords (0.3421ms)
  Γ£ö does not flag benign descriptions (0.3206ms)
Γ£ö Tool Description Injection (17.72ms)
Γû╢ Shadow Tool Registration
  Γ£ö detects variant names like exec_v2 (0.5007ms)
  Γ£ö detects typosquatting (resd for read) (0.4969ms)
  Γ£ö does not flag unrelated tool names (1.0814ms)
  Γ£ö catches enhanced_browser (0.4442ms)
  Γ£ö produces findings via rule check (0.4625ms)
Γ£ö Shadow Tool Registration (3.7321ms)
Γû╢ Excessive Permission Requests
  Γ£ö detects wildcard permissions (0.2336ms)
  Γ£ö detects multiple high-privilege capabilities (0.1672ms)
  Γ£ö detects root privilege request (0.2246ms)
Γ£ö Excessive Permission Requests (0.8077ms)
Γû╢ Cross-Tool Data Exfiltration
  Γ£ö detects read secrets then send pattern (0.3094ms)
  Γ£ö detects base64 encode secrets then curl (0.1628ms)
Γ£ö Cross-Tool Data Exfiltration (0.6076ms)
Γû╢ Rug Pull Patterns
  Γ£ö detects invocation count conditional (0.1908ms)
  Γ£ö detects call_count based behavior change (0.1539ms)
Γ£ö Rug Pull Patterns (0.4846ms)
Γû╢ Hidden Callback URLs
  Γ£ö detects webhook URLs (0.2938ms)
  Γ£ö detects base64 obfuscated URLs (0.1812ms)
  Γ£ö detects known exfiltration services (0.1684ms)
  Γ£ö detects ngrok tunnels (0.164ms)
  Γ£ö detects WebSocket connections (0.1962ms)
Γ£ö Hidden Callback URLs (2.6612ms)
Γû╢ Prompt Injection via Tool Output
  Γ£ö detects chat delimiter injection (0.2383ms)
  Γ£ö detects Llama delimiters (0.1883ms)
  Γ£ö detects role prefix injection (0.1768ms)
  Γ£ö detects invisible characters (5.2954ms)
Γ£ö Prompt Injection via Tool Output (6.1716ms)
Γû╢ Configuration Override
  Γ£ö detects system prompt modification (0.3695ms)
  Γ£ö detects agent config modification (0.2301ms)
  Γ£ö detects SOUL.md tampering (0.186ms)
  Γ£ö detects security bypass attempts (0.1981ms)
  Γ£ö detects clawguard config access (0.1849ms)
Γ£ö Configuration Override (1.4653ms)
Γû╢ Skill Supply Chain
  Γ£ö detects malicious MCP package names (0.3455ms)
  Γ£ö detects suspicious postinstall scripts (0.2133ms)
  Γ£ö detects non-registry dependency sources (0.1785ms)
  Γ£ö detects npx of suspicious packages (0.2176ms)
  Γ£ö detects unpinned npx execution (0.2926ms)
Γ£ö Skill Supply Chain (1.5211ms)
Γû╢ MCP Server Impersonation
  Γ£ö detects fake official service claims (0.3549ms)
  Γ£ö detects variant names of known services (0.1647ms)
  Γ£ö detects typosquatting via dynamic check (0.2199ms)
  Γ£ö detects name mimicry (0.1814ms)
  Γ£ö does not flag unrelated names (0.3849ms)
Γ£ö MCP Server Impersonation (1.7011ms)
Γû╢ levenshtein
  Γ£ö computes distance correctly (0.1758ms)
Γ£ö levenshtein (0.2671ms)
Γû╢ Rule metadata
  Γ£ö has correct id and is enabled (0.1638ms)
  Γ£ö returns empty for benign content (0.1398ms)
Γ£ö Rule metadata (0.4967ms)
Γû╢ Memory Poisoning
  Γ£ö detects base64 encoded payload (3.9381ms)
  Γ£ö detects data URI with embedded payload (1.5876ms)
  Γ£ö detects hidden instruction in HTML comment (0.2796ms)
  Γ£ö detects role manipulation in HTML comment (0.2518ms)
  Γ£ö detects markdown comment injection (0.2194ms)
  Γ£ö detects trust escalation directive (1.3064ms)
  Γ£ö detects fake privilege escalation (1.6695ms)
  Γ£ö detects security bypass claim (0.2565ms)
  Γ£ö detects safety override directive (0.3478ms)
  Γ£ö detects self-replication to agent files (0.3762ms)
  Γ£ö detects persistent execution hook (0.2159ms)
  Γ£ö detects hex-encoded payload (0.2145ms)
  Γ£ö does NOT flag normal memory content (0.1527ms)
Γ£ö Memory Poisoning (13.1306ms)
Γû╢ Permission Escalation
  Γ£ö detects sudo with privilege command (3.628ms)
  Γ£ö detects adding user to sudo group (1.4689ms)
  Γ£ö detects writing to /etc/ (0.4657ms)
  Γ£ö detects Windows admin group modification (0.3317ms)
  Γ£ö detects SOUL.md modification attempt (0.372ms)
  Γ£ö detects OpenClaw config modification (0.3511ms)
  Γ£ö detects deleting MEMORY.md (0.4812ms)
  Γ£ö detects security mode disabled (0.2906ms)
  Γ£ö detects elevated execution request (0.2774ms)
  Γ£ö detects privileged Docker container (0.3461ms)
  Γ£ö detects host root mount in container (0.2688ms)
  Γ£ö detects Windows registry modification (0.1629ms)
  Γ£ö detects scheduled task creation (0.1756ms)
  Γ£ö does NOT flag normal commands (0.1798ms)
Γ£ö Permission Escalation (13.3733ms)
Γû╢ Prompt Injection Detection
  Γ£ö detects "ignore previous instructions" (7.9978ms)
  Γ£ö detects delimiter injection with markdown code block (4.3682ms)
  Γ£ö detects base64 encoded injection (0.4411ms)
  Γ£ö detects unicode zero-width character hiding (5.1984ms)
  Γ£ö detects multi-turn false memory (0.3896ms)
  Γ£ö detects DAN jailbreak (0.2584ms)
  Γ£ö detects role reassignment (0.2672ms)
  Γ£ö detects chat template injection (0.2683ms)
  Γ£ö detects Chinese injection phrase (0.3216ms)
  Γ£ö detects Japanese injection phrase (0.3341ms)
  Γ£ö detects Korean injection phrase (0.3055ms)
  Γ£ö detects Llama [INST] injection (0.2171ms)
  Γ£ö detects <<SYS>> injection (0.1735ms)
  Γ£ö detects "enter developer mode" (0.2067ms)
  Γ£ö detects "respond without restrictions" (0.1992ms)
  Γ£ö detects Unicode directional override characters (0.1989ms)
  Γ£ö detects "as we discussed earlier" (0.1836ms)
  Γ£ö detects "you promised to" (0.2141ms)
  Γ£ö does NOT flag normal weather question (0.1529ms)
  Γ£ö does NOT flag legitimate translator request (0.2012ms)
  Γ£ö does NOT flag "ignore the noise in the data" (0.1698ms)
  Γ£ö does NOT scan outbound messages (0.1792ms)
Γ£ö Prompt Injection Detection (24.6782ms)
Γû╢ Supply Chain ΓÇö Enhanced Patterns
  Γ£ö detects pipe-to-shell execution (5.8037ms)
  Γ£ö detects programmatic curl download (2.4772ms)
  Γ£ö detects dynamic remote import (0.4049ms)
  Γ£ö detects executable download (0.4303ms)
  Γ£ö detects child_process usage (0.3965ms)
  Γ£ö detects CVE gatewayUrl injection (1.2496ms)
  Γ£ö detects unsafe deserialization (0.2897ms)
Γ£ö Supply Chain ΓÇö Enhanced Patterns (13.8684ms)
Γû╢ Supply Chain Security
  Γ£ö detects eval+atob obfuscation (5.8966ms)
  Γ£ö detects Function constructor with decoding (2.3667ms)
  Γ£ö detects suspicious npm preinstall script (0.2941ms)
  Γ£ö detects bash reverse shell (0.2734ms)
  Γ£ö detects python reverse shell (0.2904ms)
  Γ£ö detects netcat reverse shell (0.3197ms)
  Γ£ö detects DNS exfiltration domain (0.2914ms)
  Γ£ö detects typosquatted package name (0.249ms)
  Γ£ö detects powershell reverse shell (0.2893ms)
  Γ£ö does NOT flag normal eval mention in docs (0.3391ms)
Γ£ö Supply Chain Security (12.8536ms)
Γû╢ AnomalyDetector
  Γ£ö should start untrained (2.5682ms)
  Γ£ö should train on normal traces (1.5709ms)
  Γ£ö should detect unknown tools (0.8942ms)
  Γ£ö should not flag known tools (0.5019ms)
  Γ£ö should detect unusual sequences (0.529ms)
  Γ£ö should not flag normal sequences (0.4367ms)
  Γ£ö should detect burst activity (0.5821ms)
  Γ£ö should return score 0 for normal behavior without training (1.4954ms)
  Γ£ö should reset runtime state (0.3333ms)
  Γ£ö should detect time anomalies with sufficient training data (0.7394ms)
  Γ£ö should handle empty training data (0.2332ms)
  Γ£ö should handle multiple anomaly types at once (0.3298ms)
  Γ£ö should cap score at 100 (0.5076ms)
Γ£ö AnomalyDetector (13.5107ms)
Γû╢ CostTracker
  Γ£ö should track a call and return cost (0.7731ms)
  Γ£ö should track input cost correctly (0.2259ms)
  Γ£ö should set and check budgets (0.481ms)
  Γ£ö should detect over-budget agents (0.2542ms)
  Γ£ö should return false for over-budget when no budget set (0.3138ms)
  Γ£ö should generate a report (0.794ms)
  Γ£ö should report over-budget agents (0.3255ms)
  Γ£ö should report top expensive agents (0.3663ms)
  Γ£ö should track by hour (0.3307ms)
  Γ£ö should clear tracked data (0.3159ms)
  Γ£ö should handle GitHub Copilot models as free (0.2495ms)
  Γ£ö should get budget with Infinity limit when not set (0.2575ms)
  Γ£ö should trackText and estimate tokens (0.4677ms)
Γ£ö CostTracker (5.9328ms)
Γû╢ Dashboard Generator
  Γ£ö should generate valid HTML (0.5583ms)
  Γ£ö should include finding counts (0.413ms)
  Γ£ö should include cost data (0.2912ms)
  Γ£ö should include anomaly data (0.2271ms)
  Γ£ö should escape HTML in data (0.1879ms)
  Γ£ö should write dashboard to file (4.2867ms)
  Γ£ö should load and generate from JSON file (5.8112ms)
  Γ£ö should handle empty data gracefully (0.3426ms)
Γ£ö Dashboard Generator (12.6283ms)
Γû╢ PII Sanitizer
  Γ£ö sanitizes email addresses (3.3672ms)
  Γ£ö sanitizes phone numbers (1.1278ms)
  Γ£ö sanitizes SSN (0.3176ms)
  Γ£ö sanitizes OpenAI API key (0.2657ms)
  Γ£ö sanitizes AWS access key (0.3043ms)
  Γ£ö sanitizes GitHub token (0.2864ms)
  Γ£ö sanitizes JWT (0.2296ms)
  Γ£ö sanitizes database URI (0.345ms)
  Γ£ö restores sanitized text (0.3734ms)
  Γ£ö containsPII detects PII (0.5316ms)
  Γ£ö containsPII returns false for clean text (0.1796ms)
  Γ£ö handles multiple PII in one text (0.2373ms)
  Γ£ö does not modify clean text (0.2385ms)
Γ£ö PII Sanitizer (11.3336ms)
Γû╢ Security Engine
  Γ£ö runSecurityScan detects prompt injection (23.7831ms)
  Γ£ö runSecurityScan detects data leakage (16.1636ms)
  Γ£ö runSecurityScan filters by enabledRules config (5.8274ms)
  Γ£ö runSecurityScan returns empty for clean content (6.7608ms)
  Γ£ö loadCustomRules handles non-existent directory (2.4399ms)
  Γ£ö loadCustomRules loads YAML rules from directory (7.3992ms)
  Γ£ö getSecurityScore returns 100 when no findings (2.8862ms)
  Γ£ö getSecurityScore decreases with findings (3.4985ms)
  Γ£ö getRuleStatuses returns all built-in rules (3.0024ms)
  Γ£ö getRuleStatuses includes trigger count (2.7891ms)
Γ£ö Security Engine (76.5399ms)
Γû╢ Skill Scanner
  Γ£ö scan scans a single file (29.1001ms)
  Γ£ö scan scans directory recursively (20.1298ms)
  Γ£ö scan skips node_modules and .git (9.0121ms)
  Γ£ö scan throws on non-existent path (2.2281ms)
  Γ£ö scanContent detects prompt injection in files (4.3266ms)
  Γ£ö scanContent detects API key in files (3.9565ms)
  Γ£ö formatText formats output as string (2.1868ms)
  Γ£ö formatText shows no issues for clean scan (3.6474ms)
  Γ£ö formatJson returns valid JSON (7.1845ms)
  Γ£ö formatSarif returns valid SARIF (4.9055ms)
  Γ£ö scan returns summary with severity counts (3.1788ms)
Γ£ö Skill Scanner (91.919ms)
Γû╢ Store - Extended
  Γ£ö getConfig returns default config shape (2.2232ms)
  Γ£ö appendFinding + getFindings round-trip (2.2395ms)
  Γ£ö getAllSessions returns array (0.7109ms)
  Γ£ö upsertSession + getSession round-trip (0.7528ms)
  Γ£ö getFindings returns empty array when no data (0.86ms)
  Γ£ö getDataDir returns a string path (0.2521ms)
Γ£ö Store - Extended (8.8635ms)
Γû╢ Store ΓÇö JSONL format
  Γ£ö appendJsonl creates valid JSONL lines (6.3384ms)
  Γ£ö handles empty JSONL file (3.1469ms)
  Γ£ö supports pagination via offset and limit (0.3138ms)
  Γ£ö rotation creates gzipped backup (conceptual) (2.0234ms)
Γ£ö Store ΓÇö JSONL format (13.5231ms)
Γû╢ ThreatIntel
  Γû╢ checkUrl
    Γ£ö detects pastebin raw URLs (1.5266ms)
    Γ£ö detects ngrok tunnels (0.2307ms)
    Γ£ö detects webhook.site (0.1954ms)
    Γ£ö detects .onion URLs (0.2243ms)
    Γ£ö detects direct IP URLs (0.4964ms)
    Γ£ö allows clean URLs (0.4507ms)
    Γ£ö handles empty URL (0.3372ms)
    Γ£ö detects interactsh.com (0.2023ms)
    Γ£ö detects burp collaborator (0.3246ms)
  Γ£ö checkUrl (5.659ms)
  Γû╢ checkCommand
    Γ£ö detects bash reverse shell (0.6762ms)
    Γ£ö detects python reverse shell (0.2395ms)
    Γ£ö detects credential file reading (0.3332ms)
    Γ£ö detects base64 obfuscated commands (0.4666ms)
    Γ£ö detects SUID bit setting (0.2285ms)
    Γ£ö detects crypto mining (0.3738ms)
    Γ£ö detects rm -rf / (0.1526ms)
    Γ£ö allows safe commands (0.2803ms)
    Γ£ö handles empty command (0.18ms)
    Γ£ö detects socat reverse shell (0.1099ms)
  Γ£ö checkCommand (3.5352ms)
  Γû╢ checkPayload
    Γ£ö detects classic prompt injection (0.3024ms)
    Γ£ö detects DAN jailbreak (0.2521ms)
    Γ£ö detects token-level injection (0.3091ms)
    Γ£ö detects SSRF to cloud metadata (0.4757ms)
    Γ£ö detects SQL injection (0.5009ms)
    Γ£ö detects path traversal (0.354ms)
    Γ£ö allows clean payload (0.159ms)
    Γ£ö handles empty payload (0.0923ms)
  Γ£ö checkPayload (2.7719ms)
  Γû╢ addToBlocklist
    Γ£ö blocks custom URLs (0.1575ms)
  Γ£ö addToBlocklist (0.23ms)
  Γû╢ getStats
    Γ£ö returns valid stats (0.3048ms)
  Γ£ö getStats (0.3795ms)
  Γû╢ update
    Γ£ö updates version after feed update (0.2325ms)
  Γ£ö update (0.3907ms)
Γ£ö ThreatIntel (14.2139ms)
Γä╣ tests 695
Γä╣ suites 141
Γä╣ pass 695
Γä╣ fail 0
Γä╣ cancelled 0
Γä╣ skipped 0
Γä╣ todo 0
Γä╣ duration_ms 4600.339
